[INFO] Scanning for projects...
[INFO] 
[INFO] -----------------------< com.example:veritusbot >-----------------------
[INFO] Building veritusbot 0.0.1-SNAPSHOT
[INFO]   from pom.xml
[INFO] --------------------------------[ jar ]---------------------------------
[INFO] 
[INFO] --- clean:3.3.2:clean (default-clean) @ veritusbot ---
[INFO] Deleting /Users/jellan/Documents/git/veritusbot/target
[INFO] 
[INFO] --- resources:3.3.1:resources (default-resources) @ veritusbot ---
[INFO] Copying 1 resource from src/main/resources to target/classes
[INFO] Copying 0 resource from src/main/resources to target/classes
[INFO] 
[INFO] --- compiler:3.11.0:compile (default-compile) @ veritusbot ---
[INFO] Changes detected - recompiling the module! :source
[INFO] Compiling 10 source files with javac [debug release 17] to target/classes
[INFO] -------------------------------------------------------------
[ERROR] COMPILATION ERROR : 
[INFO] -------------------------------------------------------------
[ERROR] /Users/jellan/Documents/git/veritusbot/src/main/java/com/example/veritusbot/scraper/PjudScraper.java:[234,24] incompatible types: unexpected return value
[ERROR] /Users/jellan/Documents/git/veritusbot/src/main/java/com/example/veritusbot/scraper/PjudScraper.java:[486,16] incompatible types: unexpected return value
[INFO] 2 errors 
[INFO] -------------------------------------------------------------
[INFO] ------------------------------------------------------------------------
[INFO] BUILD FAILURE
[INFO] ------------------------------------------------------------------------
[INFO] Total time:  4.829 s
[INFO] Finished at: 2026-02-19T10:20:14-03:00
[INFO] ------------------------------------------------------------------------
[ERROR] Failed to execute goal org.apache.maven.plugins:maven-compiler-plugin:3.11.0:compile (default-compile) on project veritusbot: Compilation failure: Compilation failure: 
[ERROR] /Users/jellan/Documents/git/veritusbot/src/main/java/com/example/veritusbot/scraper/PjudScraper.java:[234,24] incompatible types: unexpected return value
[ERROR] /Users/jellan/Documents/git/veritusbot/src/main/java/com/example/veritusbot/scraper/PjudScraper.java:[486,16] incompatible types: unexpected return value
[ERROR] -> [Help 1]
[ERROR] 
[ERROR] To see the full stack trace of the errors, re-run Maven with the -e switch.
[ERROR] Re-run Maven using the -X switch to enable full debug logging.
[ERROR] 
[ERROR] For more information about the errors and possible solutions, please read the following articles:
[ERROR] [Help 1] http://cwiki.apache.org/confluence/display/MAVEN/MojoFailureException
